BEGIN: Correlations...................
DONE: Matrix pearson correlation......
